// Jest Snapshot v1, https://goo.gl/fbAQLP

exports[`<Folders /> when initializing, the expected output is rendered 1`] = `
ShallowWrapper {
  "length": 1,
  Symbol(enzyme.__root__): [Circular],
  Symbol(enzyme.__unrendered__): <Folders
    folders={Array []}
  />,
  Symbol(enzyme.__renderer__): Object {
    "batchedUpdates": [Function],
    "getNode": [Function],
    "render": [Function],
    "simulateEvent": [Function],
    "unmount": [Function],
  },
  Symbol(enzyme.__node__): Object {
    "instance": null,
    "key": null,
    "nodeType": "class",
    "props": Object {
      "children": Array [
        <withStyles(GridWrapper)
          item={true}
          xs={3}
        >
          <Media>
            <MediaBody>
              <withStyles(Typography)
                type="title"
              >
                <FormattedMessage
                  id="home.folders"
                  values={Object {}}
                />
              </withStyles(Typography)>
            </MediaBody>
            <MediaFigure
              className={null}
            >
              <pure(CreateNewFolder) />
            </MediaFigure>
          </Media>
        </withStyles(GridWrapper)>,
        <withStyles(GridWrapper)
          item={true}
          xs={12}
        />,
      ],
      "container": true,
    },
    "ref": null,
    "rendered": Array [
      Object {
        "instance": null,
        "key": null,
        "nodeType": "class",
        "props": Object {
          "children": <Media>
            <MediaBody>
              <withStyles(Typography)
                type="title"
              >
                <FormattedMessage
                  id="home.folders"
                  values={Object {}}
                />
              </withStyles(Typography)>
            </MediaBody>
            <MediaFigure
              className={null}
            >
              <pure(CreateNewFolder) />
            </MediaFigure>
          </Media>,
          "item": true,
          "xs": 3,
        },
        "ref": null,
        "rendered": Object {
          "instance": null,
          "key": null,
          "nodeType": "function",
          "props": Object {
            "children": Array [
              <MediaBody>
                <withStyles(Typography)
                  type="title"
                >
                  <FormattedMessage
                    id="home.folders"
                    values={Object {}}
                  />
                </withStyles(Typography)>
              </MediaBody>,
              <MediaFigure
                className={null}
              >
                <pure(CreateNewFolder) />
              </MediaFigure>,
            ],
          },
          "ref": null,
          "rendered": Array [
            Object {
              "instance": null,
              "key": null,
              "nodeType": "function",
              "props": Object {
                "children": <withStyles(Typography)
                  type="title"
                >
                  <FormattedMessage
                    id="home.folders"
                    values={Object {}}
                  />
                </withStyles(Typography)>,
              },
              "ref": null,
              "rendered": Object {
                "instance": null,
                "key": null,
                "nodeType": "class",
                "props": Object {
                  "children": <FormattedMessage
                    id="home.folders"
                    values={Object {}}
                  />,
                  "type": "title",
                },
                "ref": null,
                "rendered": Object {
                  "instance": null,
                  "key": null,
                  "nodeType": "class",
                  "props": Object {
                    "id": "home.folders",
                    "values": Object {},
                  },
                  "ref": null,
                  "rendered": null,
                  "type": [Function],
                },
                "type": [Function],
              },
              "type": [Function],
            },
            Object {
              "instance": null,
              "key": null,
              "nodeType": "function",
              "props": Object {
                "children": <pure(CreateNewFolder) />,
                "className": null,
              },
              "ref": null,
              "rendered": Object {
                "instance": null,
                "key": null,
                "nodeType": "class",
                "props": Object {},
                "ref": null,
                "rendered": null,
                "type": [Function],
              },
              "type": [Function],
            },
          ],
          "type": [Function],
        },
        "type": [Function],
      },
      Object {
        "instance": null,
        "key": null,
        "nodeType": "class",
        "props": Object {
          "children": Array [],
          "item": true,
          "xs": 12,
        },
        "ref": null,
        "rendered": Array [],
        "type": [Function],
      },
    ],
    "type": [Function],
  },
  Symbol(enzyme.__nodes__): Array [
    Object {
      "instance": null,
      "key": null,
      "nodeType": "class",
      "props": Object {
        "children": Array [
          <withStyles(GridWrapper)
            item={true}
            xs={3}
          >
            <Media>
              <MediaBody>
                <withStyles(Typography)
                  type="title"
                >
                  <FormattedMessage
                    id="home.folders"
                    values={Object {}}
                  />
                </withStyles(Typography)>
              </MediaBody>
              <MediaFigure
                className={null}
              >
                <pure(CreateNewFolder) />
              </MediaFigure>
            </Media>
          </withStyles(GridWrapper)>,
          <withStyles(GridWrapper)
            item={true}
            xs={12}
          />,
        ],
        "container": true,
      },
      "ref": null,
      "rendered": Array [
        Object {
          "instance": null,
          "key": null,
          "nodeType": "class",
          "props": Object {
            "children": <Media>
              <MediaBody>
                <withStyles(Typography)
                  type="title"
                >
                  <FormattedMessage
                    id="home.folders"
                    values={Object {}}
                  />
                </withStyles(Typography)>
              </MediaBody>
              <MediaFigure
                className={null}
              >
                <pure(CreateNewFolder) />
              </MediaFigure>
            </Media>,
            "item": true,
            "xs": 3,
          },
          "ref": null,
          "rendered": Object {
            "instance": null,
            "key": null,
            "nodeType": "function",
            "props": Object {
              "children": Array [
                <MediaBody>
                  <withStyles(Typography)
                    type="title"
                  >
                    <FormattedMessage
                      id="home.folders"
                      values={Object {}}
                    />
                  </withStyles(Typography)>
                </MediaBody>,
                <MediaFigure
                  className={null}
                >
                  <pure(CreateNewFolder) />
                </MediaFigure>,
              ],
            },
            "ref": null,
            "rendered": Array [
              Object {
                "instance": null,
                "key": null,
                "nodeType": "function",
                "props": Object {
                  "children": <withStyles(Typography)
                    type="title"
                  >
                    <FormattedMessage
                      id="home.folders"
                      values={Object {}}
                    />
                  </withStyles(Typography)>,
                },
                "ref": null,
                "rendered": Object {
                  "instance": null,
                  "key": null,
                  "nodeType": "class",
                  "props": Object {
                    "children": <FormattedMessage
                      id="home.folders"
                      values={Object {}}
                    />,
                    "type": "title",
                  },
                  "ref": null,
                  "rendered": Object {
                    "instance": null,
                    "key": null,
                    "nodeType": "class",
                    "props": Object {
                      "id": "home.folders",
                      "values": Object {},
                    },
                    "ref": null,
                    "rendered": null,
                    "type": [Function],
                  },
                  "type": [Function],
                },
                "type": [Function],
              },
              Object {
                "instance": null,
                "key": null,
                "nodeType": "function",
                "props": Object {
                  "children": <pure(CreateNewFolder) />,
                  "className": null,
                },
                "ref": null,
                "rendered": Object {
                  "instance": null,
                  "key": null,
                  "nodeType": "class",
                  "props": Object {},
                  "ref": null,
                  "rendered": null,
                  "type": [Function],
                },
                "type": [Function],
              },
            ],
            "type": [Function],
          },
          "type": [Function],
        },
        Object {
          "instance": null,
          "key": null,
          "nodeType": "class",
          "props": Object {
            "children": Array [],
            "item": true,
            "xs": 12,
          },
          "ref": null,
          "rendered": Array [],
          "type": [Function],
        },
      ],
      "type": [Function],
    },
  ],
  Symbol(enzyme.__options__): Object {
    "adapter": ReactSixteenAdapter {
      "options": Object {
        "enableComponentDidUpdateOnSetState": true,
      },
    },
  },
}
`;
