// Jest Snapshot v1, https://goo.gl/fbAQLP

exports[`<Card /> when initializing, the expected output is rendered 1`] = `
ShallowWrapper {
  "length": 1,
  Symbol(enzyme.__root__): [Circular],
  Symbol(enzyme.__unrendered__): <CardComponent
    item={Object {}}
  />,
  Symbol(enzyme.__renderer__): Object {
    "batchedUpdates": [Function],
    "getNode": [Function],
    "render": [Function],
    "simulateEvent": [Function],
    "unmount": [Function],
  },
  Symbol(enzyme.__node__): Object {
    "instance": null,
    "key": null,
    "nodeType": "class",
    "props": Object {
      "children": <Card
        raised={false}
      >
        <Media>
          <MediaFigure
            className={null}
          >
            <pure(InsertDriveFile) />
          </MediaFigure>
          <MediaBody>
            <withStyles(Typography)
              type="body2"
            >
              <Link
                onlyActiveOnIndex={false}
                style={Object {}}
                to="/5a2534d0ee36774ede668477/undefined"
              />
            </withStyles(Typography)>
          </MediaBody>
        </Media>
      </Card>,
      "item": true,
      "md": 3,
      "sm": 6,
      "xs": 12,
    },
    "ref": null,
    "rendered": Object {
      "instance": null,
      "key": null,
      "nodeType": "function",
      "props": Object {
        "children": <Media>
          <MediaFigure
            className={null}
          >
            <pure(InsertDriveFile) />
          </MediaFigure>
          <MediaBody>
            <withStyles(Typography)
              type="body2"
            >
              <Link
                onlyActiveOnIndex={false}
                style={Object {}}
                to="/5a2534d0ee36774ede668477/undefined"
              />
            </withStyles(Typography)>
          </MediaBody>
        </Media>,
        "raised": false,
      },
      "ref": null,
      "rendered": Object {
        "instance": null,
        "key": null,
        "nodeType": "function",
        "props": Object {
          "children": Array [
            <MediaFigure
              className={null}
            >
              <pure(InsertDriveFile) />
            </MediaFigure>,
            <MediaBody>
              <withStyles(Typography)
                type="body2"
              >
                <Link
                  onlyActiveOnIndex={false}
                  style={Object {}}
                  to="/5a2534d0ee36774ede668477/undefined"
                />
              </withStyles(Typography)>
            </MediaBody>,
          ],
        },
        "ref": null,
        "rendered": Array [
          Object {
            "instance": null,
            "key": null,
            "nodeType": "function",
            "props": Object {
              "children": <pure(InsertDriveFile) />,
              "className": null,
            },
            "ref": null,
            "rendered": Object {
              "instance": null,
              "key": null,
              "nodeType": "class",
              "props": Object {},
              "ref": null,
              "rendered": null,
              "type": [Function],
            },
            "type": [Function],
          },
          Object {
            "instance": null,
            "key": null,
            "nodeType": "function",
            "props": Object {
              "children": <withStyles(Typography)
                type="body2"
              >
                <Link
                  onlyActiveOnIndex={false}
                  style={Object {}}
                  to="/5a2534d0ee36774ede668477/undefined"
                />
              </withStyles(Typography)>,
            },
            "ref": null,
            "rendered": Object {
              "instance": null,
              "key": null,
              "nodeType": "class",
              "props": Object {
                "children": <Link
                  onlyActiveOnIndex={false}
                  style={Object {}}
                  to="/5a2534d0ee36774ede668477/undefined"
                />,
                "type": "body2",
              },
              "ref": null,
              "rendered": Object {
                "instance": null,
                "key": null,
                "nodeType": "class",
                "props": Object {
                  "children": undefined,
                  "onlyActiveOnIndex": false,
                  "style": Object {},
                  "to": "/5a2534d0ee36774ede668477/undefined",
                },
                "ref": null,
                "rendered": null,
                "type": [Function],
              },
              "type": [Function],
            },
            "type": [Function],
          },
        ],
        "type": [Function],
      },
      "type": [Function],
    },
    "type": [Function],
  },
  Symbol(enzyme.__nodes__): Array [
    Object {
      "instance": null,
      "key": null,
      "nodeType": "class",
      "props": Object {
        "children": <Card
          raised={false}
        >
          <Media>
            <MediaFigure
              className={null}
            >
              <pure(InsertDriveFile) />
            </MediaFigure>
            <MediaBody>
              <withStyles(Typography)
                type="body2"
              >
                <Link
                  onlyActiveOnIndex={false}
                  style={Object {}}
                  to="/5a2534d0ee36774ede668477/undefined"
                />
              </withStyles(Typography)>
            </MediaBody>
          </Media>
        </Card>,
        "item": true,
        "md": 3,
        "sm": 6,
        "xs": 12,
      },
      "ref": null,
      "rendered": Object {
        "instance": null,
        "key": null,
        "nodeType": "function",
        "props": Object {
          "children": <Media>
            <MediaFigure
              className={null}
            >
              <pure(InsertDriveFile) />
            </MediaFigure>
            <MediaBody>
              <withStyles(Typography)
                type="body2"
              >
                <Link
                  onlyActiveOnIndex={false}
                  style={Object {}}
                  to="/5a2534d0ee36774ede668477/undefined"
                />
              </withStyles(Typography)>
            </MediaBody>
          </Media>,
          "raised": false,
        },
        "ref": null,
        "rendered": Object {
          "instance": null,
          "key": null,
          "nodeType": "function",
          "props": Object {
            "children": Array [
              <MediaFigure
                className={null}
              >
                <pure(InsertDriveFile) />
              </MediaFigure>,
              <MediaBody>
                <withStyles(Typography)
                  type="body2"
                >
                  <Link
                    onlyActiveOnIndex={false}
                    style={Object {}}
                    to="/5a2534d0ee36774ede668477/undefined"
                  />
                </withStyles(Typography)>
              </MediaBody>,
            ],
          },
          "ref": null,
          "rendered": Array [
            Object {
              "instance": null,
              "key": null,
              "nodeType": "function",
              "props": Object {
                "children": <pure(InsertDriveFile) />,
                "className": null,
              },
              "ref": null,
              "rendered": Object {
                "instance": null,
                "key": null,
                "nodeType": "class",
                "props": Object {},
                "ref": null,
                "rendered": null,
                "type": [Function],
              },
              "type": [Function],
            },
            Object {
              "instance": null,
              "key": null,
              "nodeType": "function",
              "props": Object {
                "children": <withStyles(Typography)
                  type="body2"
                >
                  <Link
                    onlyActiveOnIndex={false}
                    style={Object {}}
                    to="/5a2534d0ee36774ede668477/undefined"
                  />
                </withStyles(Typography)>,
              },
              "ref": null,
              "rendered": Object {
                "instance": null,
                "key": null,
                "nodeType": "class",
                "props": Object {
                  "children": <Link
                    onlyActiveOnIndex={false}
                    style={Object {}}
                    to="/5a2534d0ee36774ede668477/undefined"
                  />,
                  "type": "body2",
                },
                "ref": null,
                "rendered": Object {
                  "instance": null,
                  "key": null,
                  "nodeType": "class",
                  "props": Object {
                    "children": undefined,
                    "onlyActiveOnIndex": false,
                    "style": Object {},
                    "to": "/5a2534d0ee36774ede668477/undefined",
                  },
                  "ref": null,
                  "rendered": null,
                  "type": [Function],
                },
                "type": [Function],
              },
              "type": [Function],
            },
          ],
          "type": [Function],
        },
        "type": [Function],
      },
      "type": [Function],
    },
  ],
  Symbol(enzyme.__options__): Object {
    "adapter": ReactSixteenAdapter {
      "options": Object {
        "enableComponentDidUpdateOnSetState": true,
      },
    },
  },
}
`;
