// Jest Snapshot v1, https://goo.gl/fbAQLP

exports[`<Home /> when initializing, the expected output is rendered 1`] = `
ShallowWrapper {
  "length": 1,
  Symbol(enzyme.__root__): [Circular],
  Symbol(enzyme.__unrendered__): <HomeComponent
    details={null}
    notes={null}
    trigger={[Function]}
  />,
  Symbol(enzyme.__renderer__): Object {
    "batchedUpdates": [Function],
    "getNode": [Function],
    "render": [Function],
    "simulateEvent": [Function],
    "unmount": [Function],
  },
  Symbol(enzyme.__node__): Object {
    "instance": null,
    "key": null,
    "nodeType": "host",
    "props": Object {
      "children": <withStyles(GridWrapper)
        container={true}
        spacing={16}
      >
        <withStyles(GridWrapper)
          item={true}
          sm={3}
          xs={4}
        >
          <Connect(FoldersContainer) />
        </withStyles(GridWrapper)>
        <withStyles(GridWrapper)
          item={true}
          sm={3}
          xs={2}
        />
        <withStyles(GridWrapper)
          item={true}
          sm={6}
          xs={6}
        />
      </withStyles(GridWrapper)>,
      "style": Object {
        "padding": "8px",
      },
    },
    "ref": null,
    "rendered": Object {
      "instance": null,
      "key": null,
      "nodeType": "class",
      "props": Object {
        "children": Array [
          <withStyles(GridWrapper)
            item={true}
            sm={3}
            xs={4}
          >
            <Connect(FoldersContainer) />
          </withStyles(GridWrapper)>,
          <withStyles(GridWrapper)
            item={true}
            sm={3}
            xs={2}
          />,
          <withStyles(GridWrapper)
            item={true}
            sm={6}
            xs={6}
          />,
        ],
        "container": true,
        "spacing": 16,
      },
      "ref": null,
      "rendered": Array [
        Object {
          "instance": null,
          "key": null,
          "nodeType": "class",
          "props": Object {
            "children": <Connect(FoldersContainer) />,
            "item": true,
            "sm": 3,
            "xs": 4,
          },
          "ref": null,
          "rendered": Object {
            "instance": null,
            "key": null,
            "nodeType": "class",
            "props": Object {},
            "ref": null,
            "rendered": null,
            "type": [Function],
          },
          "type": [Function],
        },
        Object {
          "instance": null,
          "key": null,
          "nodeType": "class",
          "props": Object {
            "children": null,
            "item": true,
            "sm": 3,
            "xs": 2,
          },
          "ref": null,
          "rendered": null,
          "type": [Function],
        },
        Object {
          "instance": null,
          "key": null,
          "nodeType": "class",
          "props": Object {
            "children": null,
            "item": true,
            "sm": 6,
            "xs": 6,
          },
          "ref": null,
          "rendered": null,
          "type": [Function],
        },
      ],
      "type": [Function],
    },
    "type": "div",
  },
  Symbol(enzyme.__nodes__): Array [
    Object {
      "instance": null,
      "key": null,
      "nodeType": "host",
      "props": Object {
        "children": <withStyles(GridWrapper)
          container={true}
          spacing={16}
        >
          <withStyles(GridWrapper)
            item={true}
            sm={3}
            xs={4}
          >
            <Connect(FoldersContainer) />
          </withStyles(GridWrapper)>
          <withStyles(GridWrapper)
            item={true}
            sm={3}
            xs={2}
          />
          <withStyles(GridWrapper)
            item={true}
            sm={6}
            xs={6}
          />
        </withStyles(GridWrapper)>,
        "style": Object {
          "padding": "8px",
        },
      },
      "ref": null,
      "rendered": Object {
        "instance": null,
        "key": null,
        "nodeType": "class",
        "props": Object {
          "children": Array [
            <withStyles(GridWrapper)
              item={true}
              sm={3}
              xs={4}
            >
              <Connect(FoldersContainer) />
            </withStyles(GridWrapper)>,
            <withStyles(GridWrapper)
              item={true}
              sm={3}
              xs={2}
            />,
            <withStyles(GridWrapper)
              item={true}
              sm={6}
              xs={6}
            />,
          ],
          "container": true,
          "spacing": 16,
        },
        "ref": null,
        "rendered": Array [
          Object {
            "instance": null,
            "key": null,
            "nodeType": "class",
            "props": Object {
              "children": <Connect(FoldersContainer) />,
              "item": true,
              "sm": 3,
              "xs": 4,
            },
            "ref": null,
            "rendered": Object {
              "instance": null,
              "key": null,
              "nodeType": "class",
              "props": Object {},
              "ref": null,
              "rendered": null,
              "type": [Function],
            },
            "type": [Function],
          },
          Object {
            "instance": null,
            "key": null,
            "nodeType": "class",
            "props": Object {
              "children": null,
              "item": true,
              "sm": 3,
              "xs": 2,
            },
            "ref": null,
            "rendered": null,
            "type": [Function],
          },
          Object {
            "instance": null,
            "key": null,
            "nodeType": "class",
            "props": Object {
              "children": null,
              "item": true,
              "sm": 6,
              "xs": 6,
            },
            "ref": null,
            "rendered": null,
            "type": [Function],
          },
        ],
        "type": [Function],
      },
      "type": "div",
    },
  ],
  Symbol(enzyme.__options__): Object {
    "adapter": ReactSixteenAdapter {
      "options": Object {
        "enableComponentDidUpdateOnSetState": true,
      },
    },
  },
}
`;
