// Jest Snapshot v1, https://goo.gl/fbAQLP

exports[`<WithRouterRedux /> when initializing, the expected output is rendered 1`] = `undefined`;
